Script started on Wed 23 Jan 2019 09:35:23 AM EST
]0;agh0030@agh0030:~/comp3500/project1[?1034h[agh0030@agh0030 project1]$ git init
Reinitialized existing Git repository in /home/agh0030/comp3500/project1/.git/
]0;agh0030@agh0030:~/comp3500/project1[agh0030@agh0030 project1]$ git add [K *.c
]0;agh0030@agh0030:~/comp3500/project1[agh0030@agh0030 project1]$ git commit -m "Ini[K[Knitial Project 1"
[master 87dc65c] Initial Project 1
 1 files changed, 1 insertions(+), 0 deletions(-)
 create mode 100644 README.md
]0;agh0030@agh0030:~/comp3500/project1[agh0030@agh0030 project1]$ git status
# On branch master
# Untracked files:
#   (use "git add <file>..." to include in what will be committed)
#
#	CONTRIBUTING.md
#	CONTRIBUTING.txt~
#	README.txt~
#	commands.script
#	cpuinfo.txt
#	gcc-gdb.script
#	git.script
#	helloworld
#	interrupts.txt
#	meminfo.txt
#	simple
nothing added to commit but untracked files present (use "git add" to track)
]0;agh0030@agh0030:~/comp3500/project1[agh0030@agh0030 project1]$ git add README.txt
fatal: pathspec 'README.txt' did not match any files
]0;agh0030@agh0030:~/comp3500/project1[agh0030@agh0030 project1]$ git log
[?1h=commit 87dc65c6a549448ef9d5c2937e545de8aea62ab2[m
Author: Austin Hall <agh0030@auburn.edu>[m
Date:   Wed Jan 23 09:35:49 2019 -0500[m
[m
    Initial Project 1[m
[m
commit 75ac27132cd7d7a6e54526942af2ca9666dabe8e[m
Author: Austin Hall <agh0030@auburn.edu>[m
Date:   Wed Jan 23 09:33:40 2019 -0500[m
[m
    Initial Project 1[m
[K[?1l>]0;agh0030@agh0030:~/comp3500/project1[agh0030@agh0030 project1]$ exit
exit

Script done on Wed 23 Jan 2019 09:36:29 AM EST
